--------------------------------------------------------------------------------
Release 14.2 Trace  (nt64)
Copyright (c) 1995-2012 Xilinx, Inc.  All rights reserved.

C:\Xilinx\14.2\ISE_DS\ISE\bin\nt64\unwrapped\trce.exe -intstyle ise -v 3 -s 3
-n 3 -fastpaths -xml debouncer.twx debouncer.ncd -o debouncer.twr debouncer.pcf

Design file:              debouncer.ncd
Physical constraint file: debouncer.pcf
Device,package,speed:     xc6slx45,csg324,C,-3 (PRODUCTION 1.22 2012-07-09)
Report level:             verbose report

Environment Variable      Effect 
--------------------      ------ 
NONE                      No environment variables were set
--------------------------------------------------------------------------------

INFO:Timing:2698 - No timing constraints found, doing default enumeration.
INFO:Timing:3412 - To improve timing, see the Timing Closure User Guide (UG612).
INFO:Timing:2752 - To get complete path coverage, use the unconstrained paths 
   option. All paths that are not constrained will be reported in the 
   unconstrained paths section(s) of the report.
INFO:Timing:3339 - The clock-to-out numbers in this timing report are based on 
   a 50 Ohm transmission line loading model.  For the details of this model, 
   and for more information on accounting for different loading conditions, 
   please see the device datasheet.



Data Sheet report:
-----------------
All values displayed in nanoseconds (ns)

Setup/Hold to clock clk
------------+------------+------------+------------+------------+------------------+--------+
            |Max Setup to|  Process   |Max Hold to |  Process   |                  | Clock  |
Source      | clk (edge) |   Corner   | clk (edge) |   Corner   |Internal Clock(s) | Phase  |
------------+------------+------------+------------+------------+------------------+--------+
clr         |    0.774(R)|      SLOW  |    0.301(R)|      SLOW  |clk_BUFGP         |   0.000|
input<0>    |    0.311(R)|      FAST  |    0.510(R)|      SLOW  |clk_BUFGP         |   0.000|
input<1>    |    0.440(R)|      FAST  |    0.291(R)|      SLOW  |clk_BUFGP         |   0.000|
input<2>    |    0.311(R)|      FAST  |    0.474(R)|      SLOW  |clk_BUFGP         |   0.000|
input<3>    |    0.296(R)|      FAST  |    0.493(R)|      SLOW  |clk_BUFGP         |   0.000|
input<4>    |    0.252(R)|      FAST  |    0.536(R)|      SLOW  |clk_BUFGP         |   0.000|
------------+------------+------------+------------+------------+------------------+--------+

Clock clk to Pad
------------+-----------------+------------+-----------------+------------+------------------+--------+
            |Max (slowest) clk|  Process   |Min (fastest) clk|  Process   |                  | Clock  |
Destination |  (edge) to PAD  |   Corner   |  (edge) to PAD  |   Corner   |Internal Clock(s) | Phase  |
------------+-----------------+------------+-----------------+------------+------------------+--------+
output<0>   |         8.838(R)|      SLOW  |         4.850(R)|      FAST  |clk_BUFGP         |   0.000|
output<1>   |         8.506(R)|      SLOW  |         4.260(R)|      FAST  |clk_BUFGP         |   0.000|
output<2>   |         8.646(R)|      SLOW  |         4.214(R)|      FAST  |clk_BUFGP         |   0.000|
output<3>   |         8.642(R)|      SLOW  |         4.671(R)|      FAST  |clk_BUFGP         |   0.000|
output<4>   |         8.264(R)|      SLOW  |         4.296(R)|      FAST  |clk_BUFGP         |   0.000|
------------+-----------------+------------+-----------------+------------+------------------+--------+

Clock to Setup on destination clock clk
---------------+---------+---------+---------+---------+
               | Src:Rise| Src:Fall| Src:Rise| Src:Fall|
Source Clock   |Dest:Rise|Dest:Rise|Dest:Fall|Dest:Fall|
---------------+---------+---------+---------+---------+
clk            |    1.294|         |         |         |
---------------+---------+---------+---------+---------+


Analysis completed Wed Apr 06 18:00:53 2016 
--------------------------------------------------------------------------------

Trace Settings:
-------------------------
Trace Settings 

Peak Memory Usage: 259 MB



